STAR version=2.7.11a
STAR compilation time,server,dir=2023-09-15T02:58:53+0000 :/opt/conda/conda-bld/star_1694746407721/work/source
##### Command Line:
/miniconda3/envs/ribo_genome/bin/STAR-avx2 --runMode genomeGenerate --runThreadN 4 --genomeDir /work/STAR_index_chrM --genomeFastaFiles /tmp/tmp.eWjSOe9dkM/mini.chrM.fa --genomeSAindexNbases 10 --sjdbGTFfile /tmp/tmp.eWjSOe9dkM/mini.chrM.gtf --sjdbOverhang 28
##### Initial USER parameters from Command Line:
###### All USER parameters from Command Line:
runMode                       genomeGenerate        ~RE-DEFINED
runThreadN                    4     ~RE-DEFINED
genomeDir                     /work/STAR_index_chrM     ~RE-DEFINED
genomeFastaFiles              /tmp/tmp.eWjSOe9dkM/mini.chrM.fa        ~RE-DEFINED
genomeSAindexNbases           10     ~RE-DEFINED
sjdbGTFfile                   /tmp/tmp.eWjSOe9dkM/mini.chrM.gtf     ~RE-DEFINED
sjdbOverhang                  28     ~RE-DEFINED
##### Finished reading parameters from all sources

##### Final user re-defined parameters-----------------:
runMode                           genomeGenerate   
runThreadN                        4
genomeDir                         /work/STAR_index_chrM
genomeFastaFiles                  /tmp/tmp.eWjSOe9dkM/mini.chrM.fa   
genomeSAindexNbases               10
sjdbGTFfile                       /tmp/tmp.eWjSOe9dkM/mini.chrM.gtf
sjdbOverhang                      28

-------------------------------
##### Final effective command line:
/miniconda3/envs/ribo_genome/bin/STAR-avx2   --runMode genomeGenerate      --runThreadN 4   --genomeDir /work/STAR_index_chrM   --genomeFastaFiles /tmp/tmp.eWjSOe9dkM/mini.chrM.fa      --genomeSAindexNbases 10   --sjdbGTFfile /tmp/tmp.eWjSOe9dkM/mini.chrM.gtf   --sjdbOverhang 28
----------------------------------------

Number of fastq files for each mate = 1
ParametersSolo: --soloCellFilterType CellRanger2.2 filtering parameters:  3000 0.99 10
Finished loading and checking parameters
--genomeDir directory exists and will be overwritten: /work/STAR_index_chrM/
May 14 00:20:03 ... starting to generate Genome files
/tmp/tmp.eWjSOe9dkM/mini.chrM.fa : chr # 0  "chrM" chrStart: 0
Chromosome sequence lengths: 
chrM	16569
Genome sequence total length = 16569
Genome size with padding = 262144
May 14 00:20:03 ..... processing annotations GTF
Processing pGe.sjdbGTFfile=/tmp/tmp.eWjSOe9dkM/mini.chrM.gtf, found:
		37 transcripts
		37 exons (non-collapsed)
		0 collapsed junctions
Total junctions: 0
May 14 00:20:03 ..... finished GTF processing

!!!!! WARNING: --genomeSAindexNbases 10 is too large for the genome size=16569, which may cause seg-fault at the mapping step. Re-run genome generation with recommended --genomeSAindexNbases 6
Estimated genome size with padding and SJs: total=genome+SJ=57262144 = 262144 + 57000000
GstrandBit=32
Number of SA indices: 33136
May 14 00:20:03 ... starting to sort Suffix Array. This may take a long time...
Number of chunks: 4;   chunks size limit: 88360 bytes
May 14 00:20:03 ... sorting Suffix Array chunks and saving them to disk...
Writing 1960 bytes into /work/STAR_index_chrM//SA_3 ; empty space on disk = 155623904772096 bytes ... done
 done
g 1960 bytes into /work/STAR_index_chrM//SA_3 ; empty space on disk = 155623904772096 bytes ...Writing 87840 bytes into /work/STAR_index_chrM//SA_1 ; empty space on disk = 155623904772096 bytes ... done
Writing 87104 bytes into /work/STAR_index_chrM//SA_2 ; empty space on disk = 155623880654848 bytes ... done
Writing 88184 bytes into /work/STAR_index_chrM//SA_0 ; empty space on disk = 155623857586176 bytes ... done
May 14 00:20:03 ... loading chunks from disk, packing SA...
May 14 00:20:03 ... finished generating suffix array
May 14 00:20:03 ... generating Suffix Array index
May 14 00:20:03 ... completed Suffix Array index
May 14 00:20:03   Finished preparing junctions
May 14 00:20:03 ..... finished inserting junctions into genome
May 14 00:20:03 ... writing Genome to disk ...
Writing 262144 bytes into /work/STAR_index_chrM//Genome ; empty space on disk = 155623829274624 bytes ... done
SA size in bytes: 136689
May 14 00:20:03 ... writing Suffix Array to disk ...
Writing 136689 bytes into /work/STAR_index_chrM//SA ; empty space on disk = 155623761117184 bytes ... done
May 14 00:20:03 ... writing SAindex to disk
Writing 8 bytes into /work/STAR_index_chrM//SAindex ; empty space on disk = 155623725465600 bytes ... done
Writing 88 bytes into /work/STAR_index_chrM//SAindex ; empty space on disk = 155623725465600 bytes ... done
Writing 6116691 bytes into /work/STAR_index_chrM//SAindex ; empty space on disk = 155623725465600 bytes ... done
May 14 00:20:03 ..... finished successfully
DONE: Genome generation, EXITING
